### Parameters ###
SIGNAL FILE NAME=### temporary signal ###
# TYPEs:
#   - Signal: from the start or to the end of signal (TEXT are useless)
#   - Delta: a fixed duration counted from the start or the end (e.g. TEXT=1h).
#   - Pick: from or to a time pick (TEXT=time pick name).
#   - Absolute: from or to a fixed time (e.g. TEXT=3d5h6m45s)
FROM_TIME_TYPE=Signal
FROM_TIME_TEXT=0s
# TYPEs: Signal, Delta, Absolute
TO_TIME_TYPE=Signal
TO_TIME_TEXT=0s
REFERENCE=
# TYPEs: Exactly, AtLeast, FrequencyDependent
WINDOW_LENGTH_TYPE=Exactly
WINDOW_MIN_LENGTH(s)=40.96
WINDOW_MAX_LENGTH(s)=40.96
WINDOW_MAX_COUNT=0
WINDOW_POWER_OF_TWO (y/n)=n
BAD_SAMPLE_TOLERANCE (s)=0
BAD_SAMPLE_GAP (s)=0
WINDOW_OVERLAP (%)=0
# TYPEs: NoSampleThreshold, RelativeSampleThreshold, AbsoluteSampleThreshold
BAD_SAMPLE_THRESHOLD_TYPE=NoSampleThreshold
ANTI-TRIGGERING_ON_RAW_SIGNAL (y/n)=n
ANTI-TRIGGERING_ON_FILTERED_SIGNAL (y/n)=n
# Start a time window for each seismic event available inside the time range.
SEISMIC_EVENT_TRIGGER (y/n)=n
SEISMIC_EVENT_TDELAY (s)=-0.1
SMOOTHING TYPE=KonnoOmachi
SMOOTHING CONSTANT=30
WINDOW TYPE=Tuckey
WINDOW REVERSED=n
WINDOW ALPHA=0.1
MINIMUM FREQUENCY=0.5
MAXIMUM FREQUENCY=15
# Either 'log' or 'linear'
SAMPLING_TYPE FREQUENCY=Log
# Number of samples is either set to a fixed value ('Count') or through a step between samples ('Step')'
STEP_TYPE FREQUENCY=Step
SAMPLES_NUMBER FREQUENCY=138
# STEP=ratio between two successive samples for 'log' scales
# STEP=difference between two successive samples for 'linear' scales
STEP FREQUENCY=1.025
INVERSED FREQUENCY (y/n)=n
HIGH PASS FREQUENCY=0
HORIZONTAL COMPONENTS=Squared
HORIZONTAL AZIMUTH=0
### End Parameters ###
### Windowing Log ###
Automatic windowing
### End Windowing Log ###
### Time Windows ###
# Number= 14
# Start time 	 End Time 	 Window length
20040101001103.520000	20040101001144.480000	40.96
20040101001509.340000	20040101001550.300000	40.96
20040101001631.280000	20040101001712.240000	40.96
20040101001834.190000	20040101001915.150000	40.96
20040101001956.130000	20040101002037.090000	40.96
20040101002037.100000	20040101002118.060000	40.96
20040101002118.070000	20040101002159.030000	40.96
20040101002401.950000	20040101002442.910000	40.96
20040101002442.920000	20040101002523.880000	40.96
20040101002645.830000	20040101002726.790000	40.96
20040101002726.800000	20040101002807.760000	40.96
20040101002807.770000	20040101002848.730000	40.96
20040101002848.740000	20040101002929.700000	40.96
20040101003010.680000	20040101003051.640000	40.96
### End Time Windows ###
